// Jest Snapshot v1, https://goo.gl/fbAQLP

exports[`App Should render 1`] = `
<body>
  <div>
    <nav
      class="navbar navbar-expand navbar-dark bg-dark sticky-top"
    >
      <div
        class="container"
      >
        <span
          class="navbar-brand"
        >
          Pokeverse
        </span>
        <div
          class="me-auto navbar-nav"
        >
          <a
            class="nav-link"
            data-rr-ui-event-key="/"
            href="/"
          >
            All Pokemon
          </a>
        </div>
      </div>
    </nav>
    <div
      class="container"
    >
      <div
        class="g-4 row"
      />
    </div>
  </div>
</body>
`;
